src/components/CargoOrgChart.tsx(114,11): error TS2353: Object literal may only specify known properties, and 'label' does not exist in type 'NodeData'.
src/components/CargoOrgChart.tsx(157,13): error TS2353: Object literal may only specify known properties, and 'label' does not exist in type 'NodeData'.
src/components/Header.tsx(2,38): error TS6133: 'ChevronLeft' is declared but its value is never read.
src/components/Header.tsx(2,51): error TS6133: 'ChevronRight' is declared but its value is never read.
src/components/SetorOrgChart.tsx(18,10): error TS6133: 'Building2' is declared but its value is never read.
src/components/SetorOrgChart.tsx(41,23): error TS2554: Expected 1 arguments, but got 0.
src/components/SetorOrgChart.tsx(42,19): error TS2554: Expected 1 arguments, but got 0.
src/components/SetorOrgChart.tsx(43,21): error TS2554: Expected 1 arguments, but got 0.
src/components/SetorOrgChart.tsx(65,13): error TS6133: 'isRoot' is declared but its value is never read.
src/pages/Atribuicoes.tsx(48,10): error TS6133: 'draggingCategoriaId' is declared but its value is never read.
src/pages/Patrimonio.tsx(6,1): error TS6192: All imports in import declaration are unused.
src/pages/Pessoas.tsx(234,9): error TS2322: Type 'StatusPessoa' is not assignable to type '1'.
  Type '2' is not assignable to type '1'.
src/pages/Pessoas.tsx(640,35): error TS2345: Argument of type '(prev: { nomeCompleto: string; email: string; telefone: string; documento: string; dataNascimento: string; status: 1; }) => { status: number; nomeCompleto: string; email: string; telefone: string; documento: string; dataNascimento: string; }' is not assignable to parameter of type 'SetStateAction<{ nomeCompleto: string; email: string; telefone: string; documento: string; dataNascimento: string; status: 1; }>'.
  Type '(prev: { nomeCompleto: string; email: string; telefone: string; documento: string; dataNascimento: string; status: 1; }) => { status: number; nomeCompleto: string; email: string; telefone: string; documento: string; dataNascimento: string; }' is not assignable to type '(prevState: { nomeCompleto: string; email: string; telefone: string; documento: string; dataNascimento: string; status: 1; }) => { nomeCompleto: string; email: string; telefone: string; documento: string; dataNascimento: string; status: 1; }'.
    Call signature return types '{ status: number; nomeCompleto: string; email: string; telefone: string; documento: string; dataNascimento: string; }' and '{ nomeCompleto: string; email: string; telefone: string; documento: string; dataNascimento: string; status: 1; }' are incompatible.
      The types of 'status' are incompatible between these types.
        Type 'number' is not assignable to type '1'.
